2026-05-12T19:26:31.782+02:00  INFO 28552 --- [configserver] [main] [                                                 ] c.l.e.c.ConfigserverApplication          : Starting ConfigserverApplication using Java 26.0.1 with PID 28552 (C:\Users\leoga\Formación\Proyectos\Course 1\ecom-microservices\configserver\target\classes started by leoga in C:\Users\leoga\Formación\Proyectos\Course 1\ecom-microservices)
2026-05-12T19:26:31.790+02:00  INFO 28552 --- [configserver] [main] [                                                 ] c.l.e.c.ConfigserverApplication          : The following 1 profile is active: "git"
2026-05-12T19:26:33.642+02:00  INFO 28552 --- [configserver] [main] [                                                 ] faultConfiguringBeanFactoryPostProcessor : No bean named 'errorChannel' has been explicitly defined. Therefore, a default PublishSubscribeChannel will be created.
2026-05-12T19:26:33.657+02:00  INFO 28552 --- [configserver] [main] [                                                 ] faultConfiguringBeanFactoryPostProcessor : No bean named 'integrationHeaderChannelRegistry' has been explicitly defined. Therefore, a default DefaultHeaderChannelRegistry will be created.
2026-05-12T19:26:33.727+02:00  INFO 28552 --- [configserver] [main] [                                                 ] o.s.cloud.context.scope.GenericScope     : BeanFactory id=70d78181-2a05-344f-b002-1b2f0c72b375
2026-05-12T19:26:34.211+02:00  INFO 28552 --- [configserver] [main] [                                                 ] o.s.boot.tomcat.TomcatWebServer          : Tomcat initialized with port 8889 (http)
2026-05-12T19:26:34.236+02:00  INFO 28552 --- [configserver] [main] [                                                 ] o.apache.catalina.core.StandardService   : Starting service [Tomcat]
2026-05-12T19:26:34.236+02:00  INFO 28552 --- [configserver] [main] [                                                 ] o.apache.catalina.core.StandardEngine    : Starting Servlet engine: [Apache Tomcat/11.0.20]
2026-05-12T19:26:34.485+02:00  INFO 28552 --- [configserver] [main] [                                                 ] b.w.c.s.WebApplicationContextInitializer : Root WebApplicationContext: initialization completed in 2628 ms
2026-05-12T19:26:36.167+02:00  INFO 28552 --- [configserver] [main] [                                                 ] o.s.c.s.m.DirectWithAttributesChannel    : Channel 'configserver.springCloudBusInput' has 1 subscriber(s).
2026-05-12T19:26:37.658+02:00  INFO 28552 --- [configserver] [main] [                                                 ] o.s.cloud.commons.util.InetUtils         : Cannot determine local hostname
2026-05-12T19:26:39.034+02:00  INFO 28552 --- [configserver] [main] [                                                 ] o.s.cloud.commons.util.InetUtils         : Cannot determine local hostname
2026-05-12T19:26:39.107+02:00  INFO 28552 --- [configserver] [main] [                                                 ] o.s.b.a.e.web.EndpointLinksResolver      : Exposing 3 endpoints beneath base path '/actuator'
2026-05-12T19:26:39.242+02:00  INFO 28552 --- [configserver] [main] [                                                 ] figuration$IntegrationJmxConfiguration$1 : Registering MessageChannel errorChannel
2026-05-12T19:26:39.248+02:00  INFO 28552 --- [configserver] [main] [                                                 ] figuration$IntegrationJmxConfiguration$1 : Registering MessageChannel springCloudBusInput
2026-05-12T19:26:39.253+02:00  INFO 28552 --- [configserver] [main] [                                                 ] figuration$IntegrationJmxConfiguration$1 : Registering MessageChannel nullChannel
2026-05-12T19:26:39.258+02:00  INFO 28552 --- [configserver] [main] [                                                 ] figuration$IntegrationJmxConfiguration$1 : Registering MessageHandler _org.springframework.integration.errorLogger
2026-05-12T19:26:39.268+02:00  INFO 28552 --- [configserver] [main] [                                                 ] o.s.i.endpoint.EventDrivenConsumer       : Adding {logging-channel-adapter:_org.springframework.integration.errorLogger} as a subscriber to the 'errorChannel' channel
2026-05-12T19:26:39.268+02:00  INFO 28552 --- [configserver] [main] [                                                 ] o.s.i.channel.PublishSubscribeChannel    : Channel 'configserver.errorChannel' has 1 subscriber(s).
2026-05-12T19:26:39.269+02:00  INFO 28552 --- [configserver] [main] [                                                 ] o.s.i.endpoint.EventDrivenConsumer       : started bean '_org.springframework.integration.errorLogger'
2026-05-12T19:26:39.287+02:00  INFO 28552 --- [configserver] [main] [                                                 ] o.s.c.s.binder.DefaultBinderFactory      : Creating binder: rabbit
2026-05-12T19:26:39.288+02:00  INFO 28552 --- [configserver] [main] [                                                 ] o.s.c.s.binder.DefaultBinderFactory      : Constructing binder child context for rabbit
2026-05-12T19:26:39.373+02:00  INFO 28552 --- [configserver] [main] [                                                 ] o.s.c.s.binder.DefaultBinderFactory      : Caching the binder: rabbit
2026-05-12T19:26:39.389+02:00  INFO 28552 --- [configserver] [main] [                                                 ] c.s.b.r.p.RabbitExchangeQueueProvisioner : declaring queue for inbound: springCloudBus.anonymous.dA6V7aXXSWiUwZooMsD_dQ, bound to: springCloudBus
2026-05-12T19:26:39.396+02:00  INFO 28552 --- [configserver] [main] [                                                 ] o.s.a.r.c.CachingConnectionFactory       : Attempting to connect to: [cougar.rmq.cloudamqp.com:5672]
2026-05-12T19:26:40.619+02:00  INFO 28552 --- [configserver] [main] [                                                 ] o.s.a.r.c.CachingConnectionFactory       : Created new connection: rabbitConnectionFactory#76cbee13:0/SimpleConnection@23b3afb4 [delegate=amqp://ldvtdtip@18.181.18.80:5672/ldvtdtip, localPort=55411]
2026-05-12T19:26:41.792+02:00  INFO 28552 --- [configserver] [main] [                                                 ] o.s.c.stream.binder.BinderErrorChannel   : Channel 'rabbit-1732123890.springCloudBusInput.errors' has 1 subscriber(s).
2026-05-12T19:26:41.793+02:00  INFO 28552 --- [configserver] [main] [                                                 ] o.s.c.stream.binder.BinderErrorChannel   : Channel 'rabbit-1732123890.springCloudBusInput.errors' has 2 subscriber(s).
2026-05-12T19:26:42.631+02:00  INFO 28552 --- [configserver] [main] [                                                 ] o.s.i.a.i.AmqpInboundChannelAdapter      : started bean 'inbound.springCloudBus.anonymous.dA6V7aXXSWiUwZooMsD_dQ'
2026-05-12T19:26:42.664+02:00  INFO 28552 --- [configserver] [main] [                                                 ] o.s.boot.tomcat.TomcatWebServer          : Tomcat started on port 8889 (http) with context path '/'
2026-05-12T19:26:43.677+02:00  INFO 28552 --- [configserver] [main] [                                                 ] o.s.cloud.commons.util.InetUtils         : Cannot determine local hostname
2026-05-12T19:26:44.684+02:00  INFO 28552 --- [configserver] [main] [                                                 ] o.s.cloud.commons.util.InetUtils         : Cannot determine local hostname
2026-05-12T19:26:44.723+02:00  INFO 28552 --- [configserver] [main] [                                                 ] figuration$IntegrationJmxConfiguration$1 : Registering MessageChannel rabbit-1732123890.springCloudBusInput.errors
2026-05-12T19:26:44.744+02:00  INFO 28552 --- [configserver] [main] [                                                 ] c.l.e.c.ConfigserverApplication          : Started ConfigserverApplication in 15.125 seconds (process running for 18.534)
2026-05-12T19:26:45.108+02:00  INFO 28552 --- [configserver] [RMI TCP Connection(2)-10.5.0.2] [                                                 ] o.a.c.c.C.[Tomcat].[localhost].[/]       : Initializing Spring DispatcherServlet 'dispatcherServlet'
2026-05-12T19:26:45.109+02:00  INFO 28552 --- [configserver] [RMI TCP Connection(2)-10.5.0.2] [                                                 ] o.s.web.servlet.DispatcherServlet        : Initializing Servlet 'dispatcherServlet'
2026-05-12T19:26:45.111+02:00  INFO 28552 --- [configserver] [RMI TCP Connection(2)-10.5.0.2] [                                                 ] o.s.web.servlet.DispatcherServlet        : Completed initialization in 2 ms
2026-05-12T19:26:49.990+02:00  WARN 28552 --- [configserver] [AsyncReporter{ZipkinHttpClientSender{http://localhost:9411/api/v2/spans}}] [                                                 ] z.r.i.AsyncReporter$BoundedAsyncReporter : Spans were dropped due to exceptions. All subsequent errors will be logged at FINE level.
2026-05-12T19:26:49.990+02:00  WARN 28552 --- [configserver] [AsyncReporter{ZipkinHttpClientSender{http://localhost:9411/api/v2/spans}}] [                                                 ] z.r.i.AsyncReporter$BoundedAsyncReporter : Dropped 1 spans due to ConnectException(Connection refused: getsockopt)

java.net.ConnectException: Connection refused: getsockopt
	at java.net.http/jdk.internal.net.http.HttpClientImpl.send(HttpClientImpl.java:1044) ~[java.net.http:na]
	at java.net.http/jdk.internal.net.http.HttpClientFacade.send(HttpClientFacade.java:133) ~[java.net.http:na]
	at org.springframework.boot.zipkin.autoconfigure.ZipkinHttpClientSender.postSpans(ZipkinHttpClientSender.java:59) ~[spring-boot-zipkin-4.0.5.jar:4.0.5]
	at org.springframework.boot.zipkin.autoconfigure.HttpSender.postSpans(HttpSender.java:69) ~[spring-boot-zipkin-4.0.5.jar:4.0.5]
	at org.springframework.boot.zipkin.autoconfigure.HttpSender.postSpans(HttpSender.java:41) ~[spring-boot-zipkin-4.0.5.jar:4.0.5]
	at zipkin2.reporter.BaseHttpSender.send(BaseHttpSender.java:123) ~[zipkin-reporter-3.5.3.jar:na]
	at zipkin2.reporter.internal.AsyncReporter$BoundedAsyncReporter.flush(AsyncReporter.java:266) ~[zipkin-reporter-3.5.3.jar:na]
	at zipkin2.reporter.internal.AsyncReporter$Flusher.run(AsyncReporter.java:352) ~[zipkin-reporter-3.5.3.jar:na]
	at java.base/java.lang.Thread.run(Thread.java:1516) ~[na:na]
Caused by: java.net.ConnectException: Connection refused: getsockopt
	at java.base/sun.nio.ch.Net.pollConnect(Native Method) ~[na:na]
	at java.base/sun.nio.ch.Net.pollConnectNow(Net.java:642) ~[na:na]
	at java.base/sun.nio.ch.SocketChannelImpl.finishConnect(SocketChannelImpl.java:1043) ~[na:na]
	at java.net.http/jdk.internal.net.http.PlainHttpConnection$ConnectEvent.handle(PlainHttpConnection.java:134) ~[java.net.http:na]
	at java.net.http/jdk.internal.net.http.HttpClientImpl$SelectorManager.handleEvent(HttpClientImpl.java:1610) ~[java.net.http:na]
	at java.net.http/jdk.internal.net.http.HttpClientImpl$SelectorManager.lambda$run$3(HttpClientImpl.java:1555) ~[java.net.http:na]
	at java.base/java.util.ArrayList.forEach(ArrayList.java:1612) ~[na:na]
	at java.net.http/jdk.internal.net.http.HttpClientImpl$SelectorManager.run(HttpClientImpl.java:1555) ~[java.net.http:na]
	at java.base/java.lang.VirtualThread.run(VirtualThread.java:475) ~[na:na]

2026-05-12T19:52:59.103+02:00  INFO 28552 --- [configserver] [SpringApplicationShutdownHook] [                                                 ] o.s.boot.tomcat.GracefulShutdown         : Commencing graceful shutdown. Waiting for active requests to complete
2026-05-12T19:52:59.112+02:00  INFO 28552 --- [configserver] [tomcat-shutdown] [                                                 ] o.s.boot.tomcat.GracefulShutdown         : Graceful shutdown complete
2026-05-12T19:52:59.113+02:00  WARN 28552 --- [configserver] [Thread-2] [                                                 ] .c.s.e.MultipleJGitEnvironmentRepository : Failed to delete temporary directory on exit: java.nio.file.AccessDeniedException: C:\Users\leoga\AppData\Local\Temp\config-repo-9725561515437600423\.git\objects\pack\pack-e27e3891477f27087c40bbe879825cbc9f93a393.idx
2026-05-12T19:52:59.384+02:00  INFO 28552 --- [configserver] [SpringApplicationShutdownHook] [                                                 ] o.s.a.r.l.SimpleMessageListenerContainer : Waiting for workers to finish.
2026-05-12T19:52:59.807+02:00  INFO 28552 --- [configserver] [SpringApplicationShutdownHook] [                                                 ] o.s.a.r.l.SimpleMessageListenerContainer : Successfully waited for workers to finish.
2026-05-12T19:52:59.808+02:00  INFO 28552 --- [configserver] [SpringApplicationShutdownHook] [                                                 ] o.s.i.a.i.AmqpInboundChannelAdapter      : stopped bean 'inbound.springCloudBus.anonymous.dA6V7aXXSWiUwZooMsD_dQ'
2026-05-12T19:52:59.811+02:00  INFO 28552 --- [configserver] [SpringApplicationShutdownHook] [                                                 ] o.s.c.stream.binder.BinderErrorChannel   : Channel 'configserver.rabbit-1732123890.springCloudBusInput.errors' has 1 subscriber(s).
2026-05-12T19:52:59.812+02:00  INFO 28552 --- [configserver] [SpringApplicationShutdownHook] [                                                 ] o.s.c.stream.binder.BinderErrorChannel   : Channel 'configserver.rabbit-1732123890.springCloudBusInput.errors' has 0 subscriber(s).
2026-05-12T19:53:00.381+02:00  INFO 28552 --- [configserver] [SpringApplicationShutdownHook] [                                                 ] o.s.i.endpoint.EventDrivenConsumer       : Removing {logging-channel-adapter:_org.springframework.integration.errorLogger} as a subscriber to the 'errorChannel' channel
2026-05-12T19:53:00.382+02:00  INFO 28552 --- [configserver] [SpringApplicationShutdownHook] [                                                 ] o.s.i.channel.PublishSubscribeChannel    : Channel 'configserver.errorChannel' has 0 subscriber(s).
2026-05-12T19:53:00.383+02:00  INFO 28552 --- [configserver] [SpringApplicationShutdownHook] [                                                 ] o.s.i.endpoint.EventDrivenConsumer       : stopped bean '_org.springframework.integration.errorLogger'
